wrote elm.ts
wrote src/Main/Flags.elm
formatted TypeScript
formatted Elm
