wrote elm.ts
wrote src/A/Flags.elm
wrote src/B/B2/Flags.elm
wrote src/B/Flags.elm
formatted TypeScript
formatted Elm
