wrote elm.ts
wrote src/Main/Ports.elm
formatted TypeScript
formatted Elm
