wrote elm.ts
wrote src/Main/Flags.elm
wrote src/Main/Ports.elm
